25/11/07 19:37:07 WARN NativeCodeLoader: Unable to load native-hadoop library for your platform... using builtin-java classes where applicable
25/11/07 19:37:08 INFO SparkContext: Running Spark version 2.4.3
25/11/07 19:37:08 WARN SparkConf: Note that spark.local.dir will be overridden by the value set by the cluster manager (via SPARK_LOCAL_DIRS in mesos/standalone/kubernetes and LOCAL_DIRS in YARN).
25/11/07 19:37:08 INFO SparkContext: Submitted application: sparklyr
25/11/07 19:37:08 INFO SecurityManager: Changing view acls to: shish
25/11/07 19:37:08 INFO SecurityManager: Changing modify acls to: shish
25/11/07 19:37:08 INFO SecurityManager: Changing view acls groups to: 
25/11/07 19:37:08 INFO SecurityManager: Changing modify acls groups to: 
25/11/07 19:37:08 INFO SecurityManager: SecurityManager: authentication disabled; ui acls disabled; users  with view permissions: Set(shish); groups with view permissions: Set(); users  with modify permissions: Set(shish); groups with modify permissions: Set()
25/11/07 19:37:08 INFO Utils: Successfully started service 'sparkDriver' on port 59937.
25/11/07 19:37:08 INFO SparkEnv: Registering MapOutputTracker
25/11/07 19:37:08 INFO SparkEnv: Registering BlockManagerMaster
25/11/07 19:37:08 INFO BlockManagerMasterEndpoint: Using org.apache.spark.storage.DefaultTopologyMapper for getting topology information
25/11/07 19:37:08 INFO BlockManagerMasterEndpoint: BlockManagerMasterEndpoint up
25/11/07 19:37:08 INFO DiskBlockManager: Created local directory at C:\Users\shish\AppData\Local\spark\spark-2.4.3-bin-hadoop2.7\tmp\local\blockmgr-6c3299f4-9adb-4347-b6f5-7466b3e04a22
25/11/07 19:37:08 INFO MemoryStore: MemoryStore started with capacity 912.3 MB
25/11/07 19:37:08 INFO SparkEnv: Registering OutputCommitCoordinator
25/11/07 19:37:08 WARN Utils: The configured local directories are not expected to be URIs; however, got suspicious values [C:/Users/shish/AppData/Local/spark/spark-2.4.3-bin-hadoop2.7/tmp/local]. Please check your configured local directories.
25/11/07 19:37:08 INFO Utils: Successfully started service 'SparkUI' on port 4040.
25/11/07 19:37:08 INFO SparkUI: Bound SparkUI to 127.0.0.1, and started at http://127.0.0.1:4040
25/11/07 19:37:08 INFO SparkContext: Added JAR file:/G:/My%20Drive/rao@ualberta.ca%202022-12-08%2010%2058/shishir@tamu.edu/My%20Drive/Interesting%20papers/Survival%20Models/Reliability/RUL%20Challenge/RUL-challenge/renv/library/windows/R-4.4/x86_64-w64-mingw32/sparklyr/java/sparklyr-2.4-2.11.jar at spark://127.0.0.1:59937/jars/sparklyr-2.4-2.11.jar with timestamp 1762569428732
25/11/07 19:37:08 INFO Executor: Starting executor ID driver on host localhost
25/11/07 19:37:08 INFO Utils: Successfully started service 'org.apache.spark.network.netty.NettyBlockTransferService' on port 59968.
25/11/07 19:37:08 INFO NettyBlockTransferService: Server created on 127.0.0.1:59968
25/11/07 19:37:08 INFO BlockManager: Using org.apache.spark.storage.RandomBlockReplicationPolicy for block replication policy
25/11/07 19:37:08 INFO BlockManagerMaster: Registering BlockManager BlockManagerId(driver, 127.0.0.1, 59968, None)
25/11/07 19:37:08 INFO BlockManagerMasterEndpoint: Registering block manager 127.0.0.1:59968 with 912.3 MB RAM, BlockManagerId(driver, 127.0.0.1, 59968, None)
25/11/07 19:37:08 INFO BlockManagerMaster: Registered BlockManager BlockManagerId(driver, 127.0.0.1, 59968, None)
25/11/07 19:37:08 INFO BlockManager: Initialized BlockManager: BlockManagerId(driver, 127.0.0.1, 59968, None)
25/11/07 19:37:09 INFO SharedState: loading hive config file: file:/C:/Users/shish/AppData/Local/spark/spark-2.4.3-bin-hadoop2.7/conf/hive-site.xml
25/11/07 19:37:09 INFO SharedState: Setting hive.metastore.warehouse.dir ('C:/Users/shish/AppData/Local/spark/spark-2.4.3-bin-hadoop2.7/tmp/hive') to the value of spark.sql.warehouse.dir ('C:/Users/shish/AppData/Local/spark/spark-2.4.3-bin-hadoop2.7/tmp/hive').
25/11/07 19:37:09 INFO SharedState: Warehouse path is 'C:/Users/shish/AppData/Local/spark/spark-2.4.3-bin-hadoop2.7/tmp/hive'.
25/11/07 19:37:09 INFO StateStoreCoordinatorRef: Registered StateStoreCoordinator endpoint
25/11/07 19:39:38 INFO HiveUtils: Initializing HiveMetastoreConnection version 1.2.1 using Spark classes.
25/11/07 19:39:38 INFO HiveMetaStore: 0: Opening raw store with implemenation class:org.apache.hadoop.hive.metastore.ObjectStore
25/11/07 19:39:38 INFO ObjectStore: ObjectStore, initialize called
25/11/07 19:39:38 INFO Persistence: Property hive.metastore.integral.jdo.pushdown unknown - will be ignored
25/11/07 19:39:38 INFO Persistence: Property datanucleus.cache.level2 unknown - will be ignored
25/11/07 19:39:39 INFO ObjectStore: Setting MetaStore object pin classes with hive.metastore.cache.pinobjtypes="Table,StorageDescriptor,SerDeInfo,Partition,Database,Type,FieldSchema,Order"
25/11/07 19:39:40 INFO Datastore: The class "org.apache.hadoop.hive.metastore.model.MFieldSchema" is tagged as "embedded-only" so does not have its own datastore table.
25/11/07 19:39:40 INFO Datastore: The class "org.apache.hadoop.hive.metastore.model.MOrder" is tagged as "embedded-only" so does not have its own datastore table.
25/11/07 19:39:40 INFO Datastore: The class "org.apache.hadoop.hive.metastore.model.MFieldSchema" is tagged as "embedded-only" so does not have its own datastore table.
25/11/07 19:39:40 INFO Datastore: The class "org.apache.hadoop.hive.metastore.model.MOrder" is tagged as "embedded-only" so does not have its own datastore table.
25/11/07 19:39:40 INFO MetaStoreDirectSql: Using direct SQL, underlying DB is DERBY
25/11/07 19:39:40 INFO ObjectStore: Initialized ObjectStore
25/11/07 19:39:40 WARN ObjectStore: Version information not found in metastore. hive.metastore.schema.verification is not enabled so recording the schema version 1.2.0
25/11/07 19:39:40 WARN ObjectStore: Failed to get database default, returning NoSuchObjectException
25/11/07 19:39:40 INFO HiveMetaStore: Added admin role in metastore
25/11/07 19:39:40 INFO HiveMetaStore: Added public role in metastore
25/11/07 19:39:40 INFO HiveMetaStore: No user is added in admin role, since config is empty
25/11/07 19:39:40 INFO HiveMetaStore: 0: get_all_databases
25/11/07 19:39:40 INFO audit: ugi=shish	ip=unknown-ip-addr	cmd=get_all_databases	
25/11/07 19:39:40 INFO HiveMetaStore: 0: get_functions: db=default pat=*
25/11/07 19:39:40 INFO audit: ugi=shish	ip=unknown-ip-addr	cmd=get_functions: db=default pat=*	
25/11/07 19:39:40 INFO Datastore: The class "org.apache.hadoop.hive.metastore.model.MResourceUri" is tagged as "embedded-only" so does not have its own datastore table.
25/11/07 19:39:40 INFO SessionState: Created HDFS directory: C:/Users/shish/AppData/Local/spark/spark-2.4.3-bin-hadoop2.7/tmp/hive/shish
25/11/07 19:39:41 INFO SessionState: Created local directory: C:/Users/shish/AppData/Local/Temp/3768692b-18a3-4e80-980a-edcf52028997_resources
25/11/07 19:39:41 INFO SessionState: Created HDFS directory: C:/Users/shish/AppData/Local/spark/spark-2.4.3-bin-hadoop2.7/tmp/hive/shish/3768692b-18a3-4e80-980a-edcf52028997
25/11/07 19:39:41 INFO SessionState: Created local directory: C:/Users/shish/AppData/Local/spark/spark-2.4.3-bin-hadoop2.7/tmp/hive/3768692b-18a3-4e80-980a-edcf52028997
25/11/07 19:39:41 INFO SessionState: Created HDFS directory: C:/Users/shish/AppData/Local/spark/spark-2.4.3-bin-hadoop2.7/tmp/hive/shish/3768692b-18a3-4e80-980a-edcf52028997/_tmp_space.db
25/11/07 19:39:41 INFO HiveClientImpl: Warehouse location for Hive client (version 1.2.2) is C:/Users/shish/AppData/Local/spark/spark-2.4.3-bin-hadoop2.7/tmp/hive
25/11/07 19:39:41 INFO HiveMetaStore: 0: get_database: default
25/11/07 19:39:41 INFO audit: ugi=shish	ip=unknown-ip-addr	cmd=get_database: default	
25/11/07 19:39:41 INFO HiveMetaStore: 0: get_database: global_temp
25/11/07 19:39:41 INFO audit: ugi=shish	ip=unknown-ip-addr	cmd=get_database: global_temp	
25/11/07 19:39:41 WARN ObjectStore: Failed to get database global_temp, returning NoSuchObjectException
25/11/07 19:39:41 INFO HiveMetaStore: 0: get_database: default
25/11/07 19:39:41 INFO audit: ugi=shish	ip=unknown-ip-addr	cmd=get_database: default	
25/11/07 19:39:41 INFO HiveMetaStore: 0: get_database: default
25/11/07 19:39:41 INFO audit: ugi=shish	ip=unknown-ip-addr	cmd=get_database: default	
25/11/07 19:39:41 INFO HiveMetaStore: 0: get_tables: db=default pat=*
25/11/07 19:39:41 INFO audit: ugi=shish	ip=unknown-ip-addr	cmd=get_tables: db=default pat=*	
25/11/07 19:39:41 INFO CodeGenerator: Code generated in 116.7804 ms
25/11/07 19:39:41 INFO FileSourceStrategy: Pruning directories with: 
25/11/07 19:39:41 INFO FileSourceStrategy: Post-Scan Filters: (length(trim(value#9, None)) > 0)
25/11/07 19:39:41 INFO FileSourceStrategy: Output Data Schema: struct<value: string>
25/11/07 19:39:41 INFO FileSourceScanExec: Pushed Filters: 
25/11/07 19:39:41 INFO ContextCleaner: Cleaned accumulator 0
25/11/07 19:39:41 INFO CodeGenerator: Code generated in 4.8317 ms
25/11/07 19:39:42 INFO CodeGenerator: Code generated in 11.4481 ms
25/11/07 19:39:42 INFO MemoryStore: Block broadcast_0 stored as values in memory (estimated size 286.3 KB, free 912.0 MB)
25/11/07 19:39:42 INFO MemoryStore: Block broadcast_0_piece0 stored as bytes in memory (estimated size 24.3 KB, free 912.0 MB)
25/11/07 19:39:42 INFO BlockManagerInfo: Added broadcast_0_piece0 in memory on 127.0.0.1:59968 (size: 24.3 KB, free: 912.3 MB)
25/11/07 19:39:42 INFO SparkContext: Created broadcast 0 from csv at <unknown>:0
25/11/07 19:39:42 INFO FileSourceScanExec: Planning scan with bin packing, max size: 81553982 bytes, open cost is considered as scanning 4194304 bytes.
25/11/07 19:39:42 INFO SparkContext: Starting job: csv at <unknown>:0
25/11/07 19:39:42 INFO DAGScheduler: Got job 0 (csv at <unknown>:0) with 1 output partitions
25/11/07 19:39:42 INFO DAGScheduler: Final stage: ResultStage 0 (csv at <unknown>:0)
25/11/07 19:39:42 INFO DAGScheduler: Parents of final stage: List()
25/11/07 19:39:42 INFO DAGScheduler: Missing parents: List()
25/11/07 19:39:42 INFO DAGScheduler: Submitting ResultStage 0 (MapPartitionsRDD[3] at csv at <unknown>:0), which has no missing parents
25/11/07 19:39:42 INFO MemoryStore: Block broadcast_1 stored as values in memory (estimated size 8.8 KB, free 912.0 MB)
25/11/07 19:39:42 INFO MemoryStore: Block broadcast_1_piece0 stored as bytes in memory (estimated size 4.5 KB, free 912.0 MB)
25/11/07 19:39:42 INFO BlockManagerInfo: Added broadcast_1_piece0 in memory on 127.0.0.1:59968 (size: 4.5 KB, free: 912.3 MB)
25/11/07 19:39:42 INFO SparkContext: Created broadcast 1 from broadcast at DAGScheduler.scala:1161
25/11/07 19:39:42 INFO DAGScheduler: Submitting 1 missing tasks from ResultStage 0 (MapPartitionsRDD[3] at csv at <unknown>:0) (first 15 tasks are for partitions Vector(0))
25/11/07 19:39:42 INFO TaskSchedulerImpl: Adding task set 0.0 with 1 tasks
25/11/07 19:39:42 INFO TaskSetManager: Starting task 0.0 in stage 0.0 (TID 0, localhost, executor driver, partition 0, PROCESS_LOCAL, 8495 bytes)
25/11/07 19:39:42 INFO Executor: Running task 0.0 in stage 0.0 (TID 0)
25/11/07 19:39:42 INFO Executor: Fetching spark://127.0.0.1:59937/jars/sparklyr-2.4-2.11.jar with timestamp 1762569428732
25/11/07 19:39:42 INFO TransportClientFactory: Successfully created connection to /127.0.0.1:59937 after 16 ms (0 ms spent in bootstraps)
25/11/07 19:39:42 INFO Utils: Fetching spark://127.0.0.1:59937/jars/sparklyr-2.4-2.11.jar to C:\Users\shish\AppData\Local\spark\spark-2.4.3-bin-hadoop2.7\tmp\local\spark-cc97ff4e-2308-4a68-a2fc-929af9e75aa7\userFiles-2af19a2e-8248-41cf-9e30-6100edc6a859\fetchFileTemp3014106738583502496.tmp
25/11/07 19:39:42 INFO Executor: Adding file:/C:/Users/shish/AppData/Local/spark/spark-2.4.3-bin-hadoop2.7/tmp/local/spark-cc97ff4e-2308-4a68-a2fc-929af9e75aa7/userFiles-2af19a2e-8248-41cf-9e30-6100edc6a859/sparklyr-2.4-2.11.jar to class loader
25/11/07 19:39:42 INFO FileScanRDD: Reading File path: file:///G:/My%20Drive/rao@ualberta.ca%202022-12-08%2010%2058/shishir@tamu.edu/My%20Drive/Interesting%20papers/Survival%20Models/Reliability/RUL%20Challenge/rul_challenge_data/rul_challenge_data/train/G_1/channel_1.csv, range: 0-81553982, partition values: [empty row]
25/11/07 19:39:42 INFO CodeGenerator: Code generated in 7.2306 ms
25/11/07 19:39:42 INFO Executor: Finished task 0.0 in stage 0.0 (TID 0). 134612 bytes result sent to driver
25/11/07 19:39:42 INFO TaskSetManager: Finished task 0.0 in stage 0.0 (TID 0) in 304 ms on localhost (executor driver) (1/1)
25/11/07 19:39:42 INFO TaskSchedulerImpl: Removed TaskSet 0.0, whose tasks have all completed, from pool 
25/11/07 19:39:42 INFO DAGScheduler: ResultStage 0 (csv at <unknown>:0) finished in 0.390 s
25/11/07 19:39:42 INFO DAGScheduler: Job 0 finished: csv at <unknown>:0, took 0.422323 s
25/11/07 19:42:37 INFO HiveMetaStore: 0: get_database: default
25/11/07 19:42:37 INFO audit: ugi=shish	ip=unknown-ip-addr	cmd=get_database: default	
25/11/07 19:42:37 INFO HiveMetaStore: 0: get_database: default
25/11/07 19:42:37 INFO audit: ugi=shish	ip=unknown-ip-addr	cmd=get_database: default	
25/11/07 19:42:37 INFO HiveMetaStore: 0: get_tables: db=default pat=*
25/11/07 19:42:37 INFO audit: ugi=shish	ip=unknown-ip-addr	cmd=get_tables: db=default pat=*	
25/11/07 19:43:13 INFO HiveMetaStore: 0: get_database: default
25/11/07 19:43:13 INFO audit: ugi=shish	ip=unknown-ip-addr	cmd=get_database: default	
25/11/07 19:43:13 INFO HiveMetaStore: 0: get_database: default
25/11/07 19:43:13 INFO audit: ugi=shish	ip=unknown-ip-addr	cmd=get_database: default	
25/11/07 19:43:13 INFO HiveMetaStore: 0: get_tables: db=default pat=*
25/11/07 19:43:13 INFO audit: ugi=shish	ip=unknown-ip-addr	cmd=get_tables: db=default pat=*	
25/11/07 19:43:49 INFO HiveMetaStore: 0: get_database: default
25/11/07 19:43:49 INFO audit: ugi=shish	ip=unknown-ip-addr	cmd=get_database: default	
25/11/07 19:43:49 INFO HiveMetaStore: 0: get_database: default
25/11/07 19:43:49 INFO audit: ugi=shish	ip=unknown-ip-addr	cmd=get_database: default	
25/11/07 19:43:49 INFO HiveMetaStore: 0: get_tables: db=default pat=*
25/11/07 19:43:49 INFO audit: ugi=shish	ip=unknown-ip-addr	cmd=get_tables: db=default pat=*	
25/11/07 19:43:49 INFO ContextCleaner: Cleaned accumulator 19
25/11/07 19:43:49 INFO ContextCleaner: Cleaned accumulator 18
25/11/07 19:43:49 INFO ContextCleaner: Cleaned accumulator 34
25/11/07 19:43:49 INFO ContextCleaner: Cleaned accumulator 16
25/11/07 19:43:49 INFO ContextCleaner: Cleaned accumulator 25
25/11/07 19:43:49 INFO ContextCleaner: Cleaned accumulator 9
25/11/07 19:43:49 INFO ContextCleaner: Cleaned accumulator 10
25/11/07 19:43:49 INFO ContextCleaner: Cleaned accumulator 20
25/11/07 19:43:49 INFO ContextCleaner: Cleaned accumulator 26
25/11/07 19:43:49 INFO ContextCleaner: Cleaned accumulator 13
25/11/07 19:43:49 INFO ContextCleaner: Cleaned accumulator 14
25/11/07 19:43:49 INFO ContextCleaner: Cleaned accumulator 33
25/11/07 19:43:49 INFO ContextCleaner: Cleaned accumulator 15
25/11/07 19:43:49 INFO ContextCleaner: Cleaned accumulator 7
25/11/07 19:43:49 INFO ContextCleaner: Cleaned accumulator 27
25/11/07 19:43:49 INFO ContextCleaner: Cleaned accumulator 12
25/11/07 19:43:49 INFO ContextCleaner: Cleaned accumulator 29
25/11/07 19:43:49 INFO ContextCleaner: Cleaned accumulator 11
25/11/07 19:43:49 INFO ContextCleaner: Cleaned accumulator 17
25/11/07 19:43:49 INFO ContextCleaner: Cleaned accumulator 24
25/11/07 19:43:49 INFO ContextCleaner: Cleaned accumulator 32
25/11/07 19:43:49 INFO BlockManagerInfo: Removed broadcast_1_piece0 on 127.0.0.1:59968 in memory (size: 4.5 KB, free: 912.3 MB)
25/11/07 19:43:49 INFO ContextCleaner: Cleaned accumulator 8
25/11/07 19:43:49 INFO ContextCleaner: Cleaned accumulator 23
25/11/07 19:43:49 INFO ContextCleaner: Cleaned accumulator 28
25/11/07 19:43:49 INFO ContextCleaner: Cleaned accumulator 30
25/11/07 19:43:49 INFO ContextCleaner: Cleaned accumulator 22
25/11/07 19:43:49 INFO ContextCleaner: Cleaned accumulator 21
25/11/07 19:43:49 INFO ContextCleaner: Cleaned accumulator 31
25/11/07 19:45:39 INFO HiveMetaStore: 0: get_database: default
25/11/07 19:45:39 INFO audit: ugi=shish	ip=unknown-ip-addr	cmd=get_database: default	
25/11/07 19:45:39 INFO HiveMetaStore: 0: get_database: default
25/11/07 19:45:39 INFO audit: ugi=shish	ip=unknown-ip-addr	cmd=get_database: default	
25/11/07 19:45:39 INFO HiveMetaStore: 0: get_tables: db=default pat=*
25/11/07 19:45:39 INFO audit: ugi=shish	ip=unknown-ip-addr	cmd=get_tables: db=default pat=*	
25/11/07 19:45:39 INFO FileSourceStrategy: Pruning directories with: 
25/11/07 19:45:39 INFO FileSourceStrategy: Post-Scan Filters: (length(trim(value#53, None)) > 0)
25/11/07 19:45:39 INFO FileSourceStrategy: Output Data Schema: struct<value: string>
25/11/07 19:45:39 INFO FileSourceScanExec: Pushed Filters: 
25/11/07 19:45:39 INFO MemoryStore: Block broadcast_2 stored as values in memory (estimated size 286.4 KB, free 911.7 MB)
25/11/07 19:45:39 INFO MemoryStore: Block broadcast_2_piece0 stored as bytes in memory (estimated size 24.4 KB, free 911.7 MB)
25/11/07 19:45:39 INFO BlockManagerInfo: Added broadcast_2_piece0 in memory on 127.0.0.1:59968 (size: 24.4 KB, free: 912.3 MB)
25/11/07 19:45:39 INFO SparkContext: Created broadcast 2 from csv at <unknown>:0
25/11/07 19:45:39 INFO FileSourceScanExec: Planning scan with bin packing, max size: 81553982 bytes, open cost is considered as scanning 4194304 bytes.
25/11/07 19:45:39 INFO SparkContext: Starting job: csv at <unknown>:0
25/11/07 19:45:39 INFO DAGScheduler: Got job 1 (csv at <unknown>:0) with 1 output partitions
25/11/07 19:45:39 INFO DAGScheduler: Final stage: ResultStage 1 (csv at <unknown>:0)
25/11/07 19:45:39 INFO DAGScheduler: Parents of final stage: List()
25/11/07 19:45:39 INFO DAGScheduler: Missing parents: List()
25/11/07 19:45:39 INFO DAGScheduler: Submitting ResultStage 1 (MapPartitionsRDD[7] at csv at <unknown>:0), which has no missing parents
25/11/07 19:45:39 INFO MemoryStore: Block broadcast_3 stored as values in memory (estimated size 8.8 KB, free 911.7 MB)
25/11/07 19:45:39 INFO MemoryStore: Block broadcast_3_piece0 stored as bytes in memory (estimated size 4.5 KB, free 911.7 MB)
25/11/07 19:45:39 INFO BlockManagerInfo: Added broadcast_3_piece0 in memory on 127.0.0.1:59968 (size: 4.5 KB, free: 912.2 MB)
25/11/07 19:45:39 INFO SparkContext: Created broadcast 3 from broadcast at DAGScheduler.scala:1161
25/11/07 19:45:39 INFO DAGScheduler: Submitting 1 missing tasks from ResultStage 1 (MapPartitionsRDD[7] at csv at <unknown>:0) (first 15 tasks are for partitions Vector(0))
25/11/07 19:45:39 INFO TaskSchedulerImpl: Adding task set 1.0 with 1 tasks
25/11/07 19:45:39 INFO TaskSetManager: Starting task 0.0 in stage 1.0 (TID 1, localhost, executor driver, partition 0, PROCESS_LOCAL, 8495 bytes)
25/11/07 19:45:39 INFO Executor: Running task 0.0 in stage 1.0 (TID 1)
25/11/07 19:45:39 INFO FileScanRDD: Reading File path: file:///G:/My%20Drive/rao@ualberta.ca%202022-12-08%2010%2058/shishir@tamu.edu/My%20Drive/Interesting%20papers/Survival%20Models/Reliability/RUL%20Challenge/rul_challenge_data/rul_challenge_data/train/G_1/channel_1.csv, range: 0-81553982, partition values: [empty row]
25/11/07 19:45:39 INFO Executor: Finished task 0.0 in stage 1.0 (TID 1). 134526 bytes result sent to driver
25/11/07 19:45:39 INFO TaskSetManager: Finished task 0.0 in stage 1.0 (TID 1) in 27 ms on localhost (executor driver) (1/1)
25/11/07 19:45:39 INFO TaskSchedulerImpl: Removed TaskSet 1.0, whose tasks have all completed, from pool 
25/11/07 19:45:39 INFO DAGScheduler: ResultStage 1 (csv at <unknown>:0) finished in 0.028 s
25/11/07 19:45:39 INFO DAGScheduler: Job 1 finished: csv at <unknown>:0, took 0.030811 s
25/11/07 19:45:39 INFO FileSourceStrategy: Pruning directories with: 
25/11/07 19:45:39 INFO FileSourceStrategy: Post-Scan Filters: 
25/11/07 19:45:39 INFO FileSourceStrategy: Output Data Schema: struct<value: string>
25/11/07 19:45:39 INFO FileSourceScanExec: Pushed Filters: 
25/11/07 19:45:39 INFO CodeGenerator: Code generated in 3.9698 ms
25/11/07 19:45:39 INFO MemoryStore: Block broadcast_4 stored as values in memory (estimated size 286.4 KB, free 911.4 MB)
25/11/07 19:45:39 INFO MemoryStore: Block broadcast_4_piece0 stored as bytes in memory (estimated size 24.4 KB, free 911.4 MB)
25/11/07 19:45:39 INFO BlockManagerInfo: Added broadcast_4_piece0 in memory on 127.0.0.1:59968 (size: 24.4 KB, free: 912.2 MB)
25/11/07 19:45:39 INFO SparkContext: Created broadcast 4 from csv at <unknown>:0
25/11/07 19:45:39 INFO FileSourceScanExec: Planning scan with bin packing, max size: 81553982 bytes, open cost is considered as scanning 4194304 bytes.
25/11/07 19:45:39 INFO SparkContext: Starting job: csv at <unknown>:0
25/11/07 19:45:39 INFO DAGScheduler: Got job 2 (csv at <unknown>:0) with 6 output partitions
25/11/07 19:45:39 INFO DAGScheduler: Final stage: ResultStage 2 (csv at <unknown>:0)
25/11/07 19:45:39 INFO DAGScheduler: Parents of final stage: List()
25/11/07 19:45:39 INFO DAGScheduler: Missing parents: List()
25/11/07 19:45:39 INFO DAGScheduler: Submitting ResultStage 2 (MapPartitionsRDD[12] at csv at <unknown>:0), which has no missing parents
25/11/07 19:45:39 INFO MemoryStore: Block broadcast_5 stored as values in memory (estimated size 355.5 KB, free 911.0 MB)
25/11/07 19:45:39 INFO MemoryStore: Block broadcast_5_piece0 stored as bytes in memory (estimated size 139.0 KB, free 910.9 MB)
25/11/07 19:45:39 INFO BlockManagerInfo: Added broadcast_5_piece0 in memory on 127.0.0.1:59968 (size: 139.0 KB, free: 912.1 MB)
25/11/07 19:45:39 INFO SparkContext: Created broadcast 5 from broadcast at DAGScheduler.scala:1161
25/11/07 19:45:39 INFO DAGScheduler: Submitting 6 missing tasks from ResultStage 2 (MapPartitionsRDD[12] at csv at <unknown>:0) (first 15 tasks are for partitions Vector(0, 1, 2, 3, 4, 5))
25/11/07 19:45:39 INFO TaskSchedulerImpl: Adding task set 2.0 with 6 tasks
25/11/07 19:45:39 INFO TaskSetManager: Starting task 0.0 in stage 2.0 (TID 2, localhost, executor driver, partition 0, PROCESS_LOCAL, 8495 bytes)
25/11/07 19:45:39 INFO TaskSetManager: Starting task 1.0 in stage 2.0 (TID 3, localhost, executor driver, partition 1, PROCESS_LOCAL, 8495 bytes)
25/11/07 19:45:39 INFO TaskSetManager: Starting task 2.0 in stage 2.0 (TID 4, localhost, executor driver, partition 2, PROCESS_LOCAL, 8495 bytes)
25/11/07 19:45:39 INFO TaskSetManager: Starting task 3.0 in stage 2.0 (TID 5, localhost, executor driver, partition 3, PROCESS_LOCAL, 8495 bytes)
25/11/07 19:45:39 INFO TaskSetManager: Starting task 4.0 in stage 2.0 (TID 6, localhost, executor driver, partition 4, PROCESS_LOCAL, 8495 bytes)
25/11/07 19:45:39 INFO TaskSetManager: Starting task 5.0 in stage 2.0 (TID 7, localhost, executor driver, partition 5, PROCESS_LOCAL, 8495 bytes)
25/11/07 19:45:39 INFO Executor: Running task 0.0 in stage 2.0 (TID 2)
25/11/07 19:45:39 INFO Executor: Running task 1.0 in stage 2.0 (TID 3)
25/11/07 19:45:39 INFO Executor: Running task 2.0 in stage 2.0 (TID 4)
25/11/07 19:45:39 INFO Executor: Running task 4.0 in stage 2.0 (TID 6)
25/11/07 19:45:39 INFO Executor: Running task 3.0 in stage 2.0 (TID 5)
25/11/07 19:45:39 INFO Executor: Running task 5.0 in stage 2.0 (TID 7)
25/11/07 19:45:39 INFO FileScanRDD: Reading File path: file:///G:/My%20Drive/rao@ualberta.ca%202022-12-08%2010%2058/shishir@tamu.edu/My%20Drive/Interesting%20papers/Survival%20Models/Reliability/RUL%20Challenge/rul_challenge_data/rul_challenge_data/train/G_1/channel_1.csv, range: 163107964-244661946, partition values: [empty row]
25/11/07 19:45:39 INFO FileScanRDD: Reading File path: file:///G:/My%20Drive/rao@ualberta.ca%202022-12-08%2010%2058/shishir@tamu.edu/My%20Drive/Interesting%20papers/Survival%20Models/Reliability/RUL%20Challenge/rul_challenge_data/rul_challenge_data/train/G_1/channel_1.csv, range: 81553982-163107964, partition values: [empty row]
25/11/07 19:45:39 INFO FileScanRDD: Reading File path: file:///G:/My%20Drive/rao@ualberta.ca%202022-12-08%2010%2058/shishir@tamu.edu/My%20Drive/Interesting%20papers/Survival%20Models/Reliability/RUL%20Challenge/rul_challenge_data/rul_challenge_data/train/G_1/channel_1.csv, range: 0-81553982, partition values: [empty row]
25/11/07 19:45:39 INFO FileScanRDD: Reading File path: file:///G:/My%20Drive/rao@ualberta.ca%202022-12-08%2010%2058/shishir@tamu.edu/My%20Drive/Interesting%20papers/Survival%20Models/Reliability/RUL%20Challenge/rul_challenge_data/rul_challenge_data/train/G_1/channel_1.csv, range: 244661946-326215928, partition values: [empty row]
25/11/07 19:45:39 INFO FileScanRDD: Reading File path: file:///G:/My%20Drive/rao@ualberta.ca%202022-12-08%2010%2058/shishir@tamu.edu/My%20Drive/Interesting%20papers/Survival%20Models/Reliability/RUL%20Challenge/rul_challenge_data/rul_challenge_data/train/G_1/channel_1.csv, range: 326215928-407769910, partition values: [empty row]
25/11/07 19:45:39 INFO FileScanRDD: Reading File path: file:///G:/My%20Drive/rao@ualberta.ca%202022-12-08%2010%2058/shishir@tamu.edu/My%20Drive/Interesting%20papers/Survival%20Models/Reliability/RUL%20Challenge/rul_challenge_data/rul_challenge_data/train/G_1/channel_1.csv, range: 407769910-485129588, partition values: [empty row]
25/11/07 19:45:39 INFO BlockManagerInfo: Removed broadcast_3_piece0 on 127.0.0.1:59968 in memory (size: 4.5 KB, free: 912.1 MB)
25/11/07 19:45:39 INFO BlockManagerInfo: Removed broadcast_2_piece0 on 127.0.0.1:59968 in memory (size: 24.4 KB, free: 912.1 MB)
25/11/07 19:45:43 INFO Executor: Finished task 5.0 in stage 2.0 (TID 7). 166146 bytes result sent to driver
25/11/07 19:45:43 INFO TaskSetManager: Finished task 5.0 in stage 2.0 (TID 7) in 4302 ms on localhost (executor driver) (1/6)
25/11/07 19:45:43 INFO Executor: Finished task 4.0 in stage 2.0 (TID 6). 166146 bytes result sent to driver
25/11/07 19:45:43 INFO TaskSetManager: Finished task 4.0 in stage 2.0 (TID 6) in 4468 ms on localhost (executor driver) (2/6)
25/11/07 19:45:43 INFO Executor: Finished task 2.0 in stage 2.0 (TID 4). 166146 bytes result sent to driver
25/11/07 19:45:43 INFO TaskSetManager: Finished task 2.0 in stage 2.0 (TID 4) in 4485 ms on localhost (executor driver) (3/6)
25/11/07 19:45:43 INFO Executor: Finished task 1.0 in stage 2.0 (TID 3). 166146 bytes result sent to driver
25/11/07 19:45:43 INFO Executor: Finished task 3.0 in stage 2.0 (TID 5). 166146 bytes result sent to driver
25/11/07 19:45:43 INFO Executor: Finished task 0.0 in stage 2.0 (TID 2). 166146 bytes result sent to driver
25/11/07 19:45:43 INFO TaskSetManager: Finished task 3.0 in stage 2.0 (TID 5) in 4499 ms on localhost (executor driver) (4/6)
25/11/07 19:45:43 INFO TaskSetManager: Finished task 1.0 in stage 2.0 (TID 3) in 4499 ms on localhost (executor driver) (5/6)
25/11/07 19:45:43 INFO TaskSetManager: Finished task 0.0 in stage 2.0 (TID 2) in 4504 ms on localhost (executor driver) (6/6)
25/11/07 19:45:43 INFO TaskSchedulerImpl: Removed TaskSet 2.0, whose tasks have all completed, from pool 
25/11/07 19:45:43 INFO DAGScheduler: ResultStage 2 (csv at <unknown>:0) finished in 4.508 s
25/11/07 19:45:43 INFO DAGScheduler: Job 2 finished: csv at <unknown>:0, took 4.517438 s
25/11/07 19:45:45 INFO HiveMetaStore: 0: get_database: default
25/11/07 19:45:45 INFO audit: ugi=shish	ip=unknown-ip-addr	cmd=get_database: default	
25/11/07 19:45:45 INFO HiveMetaStore: 0: get_database: default
25/11/07 19:45:45 INFO audit: ugi=shish	ip=unknown-ip-addr	cmd=get_database: default	
25/11/07 19:45:45 INFO HiveMetaStore: 0: get_tables: db=default pat=*
25/11/07 19:45:45 INFO audit: ugi=shish	ip=unknown-ip-addr	cmd=get_tables: db=default pat=*	
25/11/07 19:45:45 INFO CodeGenerator: Code generated in 6.5459 ms
25/11/07 19:45:45 WARN Utils: Truncated the string representation of a plan since it was too large. This behavior can be adjusted by setting 'spark.debug.maxToStringFields' in SparkEnv.conf.
25/11/07 19:45:45 INFO ContextCleaner: Cleaned accumulator 97
25/11/07 19:45:46 INFO FileSourceStrategy: Pruning directories with: 
25/11/07 19:45:46 INFO FileSourceStrategy: Post-Scan Filters: 
25/11/07 19:45:46 INFO FileSourceStrategy: Output Data Schema: struct<0: double, 1: double, 2: double, 3: double, 4: double ... 32766 more fields>
25/11/07 19:45:46 INFO FileSourceScanExec: Pushed Filters: 
25/11/07 19:45:48 INFO ContextCleaner: Cleaned accumulator 4
25/11/07 19:45:48 INFO ContextCleaner: Cleaned accumulator 67
25/11/07 19:45:48 INFO ContextCleaner: Cleaned accumulator 71
25/11/07 19:45:48 INFO ContextCleaner: Cleaned accumulator 37
25/11/07 19:45:48 INFO ContextCleaner: Cleaned accumulator 80
25/11/07 19:45:48 INFO ContextCleaner: Cleaned accumulator 85
25/11/07 19:45:48 INFO ContextCleaner: Cleaned accumulator 93
25/11/07 19:45:48 INFO ContextCleaner: Cleaned accumulator 70
25/11/07 19:45:48 INFO ContextCleaner: Cleaned accumulator 38
25/11/07 19:45:48 INFO ContextCleaner: Cleaned accumulator 74
25/11/07 19:45:48 INFO BlockManagerInfo: Removed broadcast_4_piece0 on 127.0.0.1:59968 in memory (size: 24.4 KB, free: 912.1 MB)
25/11/07 19:45:48 INFO ContextCleaner: Cleaned accumulator 55
25/11/07 19:45:48 INFO ContextCleaner: Cleaned accumulator 96
25/11/07 19:45:48 INFO ContextCleaner: Cleaned accumulator 49
25/11/07 19:45:48 INFO ContextCleaner: Cleaned accumulator 92
25/11/07 19:45:48 INFO ContextCleaner: Cleaned accumulator 47
25/11/07 19:45:48 INFO ContextCleaner: Cleaned accumulator 79
25/11/07 19:45:48 INFO ContextCleaner: Cleaned accumulator 78
25/11/07 19:45:48 INFO ContextCleaner: Cleaned accumulator 64
25/11/07 19:45:48 INFO ContextCleaner: Cleaned accumulator 62
25/11/07 19:45:48 INFO ContextCleaner: Cleaned accumulator 48
25/11/07 19:45:48 INFO ContextCleaner: Cleaned accumulator 83
25/11/07 19:45:48 INFO BlockManagerInfo: Removed broadcast_0_piece0 on 127.0.0.1:59968 in memory (size: 24.3 KB, free: 912.2 MB)
25/11/07 19:45:48 INFO ContextCleaner: Cleaned accumulator 65
25/11/07 19:45:48 INFO ContextCleaner: Cleaned accumulator 72
25/11/07 19:45:48 INFO ContextCleaner: Cleaned accumulator 52
25/11/07 19:45:48 INFO ContextCleaner: Cleaned accumulator 59
25/11/07 19:45:48 INFO ContextCleaner: Cleaned accumulator 94
25/11/07 19:45:48 INFO ContextCleaner: Cleaned accumulator 39
25/11/07 19:45:48 INFO ContextCleaner: Cleaned accumulator 36
25/11/07 19:45:48 INFO ContextCleaner: Cleaned accumulator 82
25/11/07 19:45:48 INFO ContextCleaner: Cleaned accumulator 86
25/11/07 19:45:48 INFO ContextCleaner: Cleaned accumulator 1
25/11/07 19:45:48 INFO ContextCleaner: Cleaned accumulator 68
25/11/07 19:45:48 INFO ContextCleaner: Cleaned accumulator 60
25/11/07 19:45:48 INFO ContextCleaner: Cleaned accumulator 81
25/11/07 19:45:48 INFO ContextCleaner: Cleaned accumulator 58
25/11/07 19:45:48 INFO ContextCleaner: Cleaned accumulator 6
25/11/07 19:45:48 INFO ContextCleaner: Cleaned accumulator 43
25/11/07 19:45:48 INFO ContextCleaner: Cleaned accumulator 57
25/11/07 19:45:48 INFO ContextCleaner: Cleaned accumulator 90
25/11/07 19:45:48 INFO ContextCleaner: Cleaned accumulator 50
25/11/07 19:45:48 INFO ContextCleaner: Cleaned accumulator 63
25/11/07 19:45:48 INFO ContextCleaner: Cleaned accumulator 73
25/11/07 19:45:48 INFO ContextCleaner: Cleaned accumulator 76
25/11/07 19:45:48 INFO ContextCleaner: Cleaned accumulator 51
25/11/07 19:45:48 INFO ContextCleaner: Cleaned accumulator 2
25/11/07 19:45:48 INFO ContextCleaner: Cleaned accumulator 95
25/11/07 19:45:48 INFO ContextCleaner: Cleaned accumulator 40
25/11/07 19:45:48 INFO ContextCleaner: Cleaned accumulator 69
25/11/07 19:45:48 INFO ContextCleaner: Cleaned accumulator 35
25/11/07 19:45:48 INFO ContextCleaner: Cleaned accumulator 56
25/11/07 19:45:48 INFO ContextCleaner: Cleaned accumulator 88
25/11/07 19:45:48 INFO ContextCleaner: Cleaned accumulator 77
25/11/07 19:45:48 INFO ContextCleaner: Cleaned accumulator 91
25/11/07 19:45:48 INFO ContextCleaner: Cleaned accumulator 53
25/11/07 19:45:48 INFO ContextCleaner: Cleaned accumulator 45
25/11/07 19:45:48 INFO ContextCleaner: Cleaned accumulator 5
25/11/07 19:45:48 INFO ContextCleaner: Cleaned accumulator 75
25/11/07 19:45:48 INFO ContextCleaner: Cleaned accumulator 44
25/11/07 19:45:48 INFO BlockManagerInfo: Removed broadcast_5_piece0 on 127.0.0.1:59968 in memory (size: 139.0 KB, free: 912.3 MB)
25/11/07 19:45:48 INFO ContextCleaner: Cleaned accumulator 61
25/11/07 19:45:48 INFO ContextCleaner: Cleaned accumulator 84
25/11/07 19:45:48 INFO ContextCleaner: Cleaned accumulator 42
25/11/07 19:45:48 INFO ContextCleaner: Cleaned accumulator 54
25/11/07 19:45:48 INFO ContextCleaner: Cleaned accumulator 46
25/11/07 19:45:48 INFO ContextCleaner: Cleaned accumulator 41
25/11/07 19:45:48 INFO ContextCleaner: Cleaned accumulator 66
25/11/07 19:45:48 INFO ContextCleaner: Cleaned accumulator 87
25/11/07 19:45:48 INFO ContextCleaner: Cleaned accumulator 3
25/11/07 19:45:48 INFO ContextCleaner: Cleaned accumulator 89
25/11/07 19:46:28 INFO CodeGenerator: Code generated in 8.8419 ms
25/11/07 19:46:28 INFO CodeGenerator: Code generated in 6.8866 ms
25/11/07 19:46:28 INFO MemoryStore: Block broadcast_6 stored as values in memory (estimated size 286.4 KB, free 912.0 MB)
25/11/07 19:46:28 INFO MemoryStore: Block broadcast_6_piece0 stored as bytes in memory (estimated size 24.4 KB, free 912.0 MB)
25/11/07 19:46:28 INFO BlockManagerInfo: Added broadcast_6_piece0 in memory on 127.0.0.1:59968 (size: 24.4 KB, free: 912.3 MB)
25/11/07 19:46:28 INFO SparkContext: Created broadcast 6 from sql at <unknown>:0
25/11/07 19:46:28 INFO FileSourceScanExec: Planning scan with bin packing, max size: 81553982 bytes, open cost is considered as scanning 4194304 bytes.
25/11/07 19:46:28 INFO SparkContext: Starting job: sql at <unknown>:0
25/11/07 19:46:28 INFO DAGScheduler: Registering RDD 20 (sql at <unknown>:0)
25/11/07 19:46:28 INFO DAGScheduler: Got job 3 (sql at <unknown>:0) with 1 output partitions
25/11/07 19:46:28 INFO DAGScheduler: Final stage: ResultStage 4 (sql at <unknown>:0)
25/11/07 19:46:28 INFO DAGScheduler: Parents of final stage: List(ShuffleMapStage 3)
25/11/07 19:46:28 INFO DAGScheduler: Missing parents: List(ShuffleMapStage 3)
25/11/07 19:46:28 INFO DAGScheduler: Submitting ShuffleMapStage 3 (MapPartitionsRDD[20] at sql at <unknown>:0), which has no missing parents
25/11/07 19:46:29 INFO MemoryStore: Block broadcast_7 stored as values in memory (estimated size 21.6 MB, free 890.4 MB)
25/11/07 19:46:29 INFO MemoryStore: Block broadcast_7_piece0 stored as bytes in memory (estimated size 4.0 MB, free 886.4 MB)
25/11/07 19:46:29 INFO BlockManagerInfo: Added broadcast_7_piece0 in memory on 127.0.0.1:59968 (size: 4.0 MB, free: 908.3 MB)
25/11/07 19:46:29 INFO MemoryStore: Block broadcast_7_piece1 stored as bytes in memory (estimated size 3.2 MB, free 883.2 MB)
25/11/07 19:46:29 INFO BlockManagerInfo: Added broadcast_7_piece1 in memory on 127.0.0.1:59968 (size: 3.2 MB, free: 905.0 MB)
25/11/07 19:46:29 INFO SparkContext: Created broadcast 7 from broadcast at DAGScheduler.scala:1161
25/11/07 19:46:29 INFO DAGScheduler: Submitting 6 missing tasks from ShuffleMapStage 3 (MapPartitionsRDD[20] at sql at <unknown>:0) (first 15 tasks are for partitions Vector(0, 1, 2, 3, 4, 5))
25/11/07 19:46:29 INFO TaskSchedulerImpl: Adding task set 3.0 with 6 tasks
25/11/07 19:46:29 INFO TaskSetManager: Starting task 0.0 in stage 3.0 (TID 8, localhost, executor driver, partition 0, PROCESS_LOCAL, 8488 bytes)
25/11/07 19:46:29 INFO TaskSetManager: Starting task 1.0 in stage 3.0 (TID 9, localhost, executor driver, partition 1, PROCESS_LOCAL, 8488 bytes)
25/11/07 19:46:29 INFO TaskSetManager: Starting task 2.0 in stage 3.0 (TID 10, localhost, executor driver, partition 2, PROCESS_LOCAL, 8488 bytes)
25/11/07 19:46:29 INFO TaskSetManager: Starting task 3.0 in stage 3.0 (TID 11, localhost, executor driver, partition 3, PROCESS_LOCAL, 8488 bytes)
25/11/07 19:46:29 INFO TaskSetManager: Starting task 4.0 in stage 3.0 (TID 12, localhost, executor driver, partition 4, PROCESS_LOCAL, 8488 bytes)
25/11/07 19:46:29 INFO TaskSetManager: Starting task 5.0 in stage 3.0 (TID 13, localhost, executor driver, partition 5, PROCESS_LOCAL, 8488 bytes)
25/11/07 19:46:29 INFO Executor: Running task 0.0 in stage 3.0 (TID 8)
25/11/07 19:46:29 INFO Executor: Running task 5.0 in stage 3.0 (TID 13)
25/11/07 19:46:29 INFO Executor: Running task 4.0 in stage 3.0 (TID 12)
25/11/07 19:46:29 INFO Executor: Running task 3.0 in stage 3.0 (TID 11)
25/11/07 19:46:29 INFO Executor: Running task 1.0 in stage 3.0 (TID 9)
25/11/07 19:46:29 INFO Executor: Running task 2.0 in stage 3.0 (TID 10)
25/11/07 19:46:29 INFO ContextCleaner: Cleaned accumulator 99
25/11/07 19:46:31 INFO FileScanRDD: Reading File path: file:///G:/My%20Drive/rao@ualberta.ca%202022-12-08%2010%2058/shishir@tamu.edu/My%20Drive/Interesting%20papers/Survival%20Models/Reliability/RUL%20Challenge/rul_challenge_data/rul_challenge_data/train/G_1/channel_1.csv, range: 0-81553982, partition values: [empty row]
25/11/07 19:46:31 INFO FileScanRDD: Reading File path: file:///G:/My%20Drive/rao@ualberta.ca%202022-12-08%2010%2058/shishir@tamu.edu/My%20Drive/Interesting%20papers/Survival%20Models/Reliability/RUL%20Challenge/rul_challenge_data/rul_challenge_data/train/G_1/channel_1.csv, range: 407769910-485129588, partition values: [empty row]
25/11/07 19:46:31 INFO FileScanRDD: Reading File path: file:///G:/My%20Drive/rao@ualberta.ca%202022-12-08%2010%2058/shishir@tamu.edu/My%20Drive/Interesting%20papers/Survival%20Models/Reliability/RUL%20Challenge/rul_challenge_data/rul_challenge_data/train/G_1/channel_1.csv, range: 326215928-407769910, partition values: [empty row]
25/11/07 19:46:31 INFO FileScanRDD: Reading File path: file:///G:/My%20Drive/rao@ualberta.ca%202022-12-08%2010%2058/shishir@tamu.edu/My%20Drive/Interesting%20papers/Survival%20Models/Reliability/RUL%20Challenge/rul_challenge_data/rul_challenge_data/train/G_1/channel_1.csv, range: 163107964-244661946, partition values: [empty row]
25/11/07 19:46:31 INFO FileScanRDD: Reading File path: file:///G:/My%20Drive/rao@ualberta.ca%202022-12-08%2010%2058/shishir@tamu.edu/My%20Drive/Interesting%20papers/Survival%20Models/Reliability/RUL%20Challenge/rul_challenge_data/rul_challenge_data/train/G_1/channel_1.csv, range: 244661946-326215928, partition values: [empty row]
25/11/07 19:46:31 INFO FileScanRDD: Reading File path: file:///G:/My%20Drive/rao@ualberta.ca%202022-12-08%2010%2058/shishir@tamu.edu/My%20Drive/Interesting%20papers/Survival%20Models/Reliability/RUL%20Challenge/rul_challenge_data/rul_challenge_data/train/G_1/channel_1.csv, range: 81553982-163107964, partition values: [empty row]
25/11/07 19:48:52 INFO CodeGenerator: Code generated in 4805.116 ms
25/11/07 19:49:10 WARN BlockManager: Block rdd_15_5 could not be removed as it was not found on disk or in memory
25/11/07 19:49:10 ERROR Executor: Exception in task 5.0 in stage 3.0 (TID 13)
java.lang.OutOfMemoryError: Java heap space
	at java.nio.HeapByteBuffer.<init>(Unknown Source)
	at java.nio.ByteBuffer.allocate(Unknown Source)
	at org.apache.spark.sql.execution.columnar.BasicColumnBuilder.initialize(ColumnBuilder.scala:66)
	at org.apache.spark.sql.execution.columnar.NativeColumnBuilder.org$apache$spark$sql$execution$columnar$NullableColumnBuilder$$super$initialize(ColumnBuilder.scala:97)
	at org.apache.spark.sql.execution.columnar.NullableColumnBuilder$class.initialize(NullableColumnBuilder.scala:51)
	at org.apache.spark.sql.execution.columnar.NativeColumnBuilder.org$apache$spark$sql$execution$columnar$compression$CompressibleColumnBuilder$$super$initialize(ColumnBuilder.scala:97)
	at org.apache.spark.sql.execution.columnar.compression.CompressibleColumnBuilder$class.initialize(CompressibleColumnBuilder.scala:62)
	at org.apache.spark.sql.execution.columnar.NativeColumnBuilder.initialize(ColumnBuilder.scala:97)
	at org.apache.spark.sql.execution.columnar.ColumnBuilder$.apply(ColumnBuilder.scala:191)
	at org.apache.spark.sql.execution.columnar.CachedRDDBuilder$$anonfun$1$$anon$1$$anonfun$2.apply(InMemoryRelation.scala:87)
	at org.apache.spark.sql.execution.columnar.CachedRDDBuilder$$anonfun$1$$anon$1$$anonfun$2.apply(InMemoryRelation.scala:86)
	at scala.collection.TraversableLike$$anonfun$map$1.apply(TraversableLike.scala:234)
	at scala.collection.TraversableLike$$anonfun$map$1.apply(TraversableLike.scala:234)
	at scala.collection.immutable.List.foreach(List.scala:392)
	at scala.collection.TraversableLike$class.map(TraversableLike.scala:234)
	at scala.collection.immutable.List.map(List.scala:296)
	at org.apache.spark.sql.execution.columnar.CachedRDDBuilder$$anonfun$1$$anon$1.next(InMemoryRelation.scala:86)
	at org.apache.spark.sql.execution.columnar.CachedRDDBuilder$$anonfun$1$$anon$1.next(InMemoryRelation.scala:84)
	at org.apache.spark.storage.memory.MemoryStore.putIterator(MemoryStore.scala:222)
	at org.apache.spark.storage.memory.MemoryStore.putIteratorAsValues(MemoryStore.scala:299)
	at org.apache.spark.storage.BlockManager$$anonfun$doPutIterator$1.apply(BlockManager.scala:1165)
	at org.apache.spark.storage.BlockManager$$anonfun$doPutIterator$1.apply(BlockManager.scala:1156)
	at org.apache.spark.storage.BlockManager.doPut(BlockManager.scala:1091)
	at org.apache.spark.storage.BlockManager.doPutIterator(BlockManager.scala:1156)
	at org.apache.spark.storage.BlockManager.getOrElseUpdate(BlockManager.scala:882)
	at org.apache.spark.rdd.RDD.getOrCompute(RDD.scala:335)
	at org.apache.spark.rdd.RDD.iterator(RDD.scala:286)
	at org.apache.spark.rdd.MapPartitionsRDD.compute(MapPartitionsRDD.scala:52)
	at org.apache.spark.rdd.RDD.computeOrReadCheckpoint(RDD.scala:324)
	at org.apache.spark.rdd.RDD.iterator(RDD.scala:288)
	at org.apache.spark.rdd.MapPartitionsRDD.compute(MapPartitionsRDD.scala:52)
	at org.apache.spark.rdd.RDD.computeOrReadCheckpoint(RDD.scala:324)
25/11/07 19:49:10 ERROR SparkUncaughtExceptionHandler: Uncaught exception in thread Thread[Executor task launch worker for task 13,5,main]
java.lang.OutOfMemoryError: Java heap space
	at java.nio.HeapByteBuffer.<init>(Unknown Source)
	at java.nio.ByteBuffer.allocate(Unknown Source)
	at org.apache.spark.sql.execution.columnar.BasicColumnBuilder.initialize(ColumnBuilder.scala:66)
	at org.apache.spark.sql.execution.columnar.NativeColumnBuilder.org$apache$spark$sql$execution$columnar$NullableColumnBuilder$$super$initialize(ColumnBuilder.scala:97)
	at org.apache.spark.sql.execution.columnar.NullableColumnBuilder$class.initialize(NullableColumnBuilder.scala:51)
	at org.apache.spark.sql.execution.columnar.NativeColumnBuilder.org$apache$spark$sql$execution$columnar$compression$CompressibleColumnBuilder$$super$initialize(ColumnBuilder.scala:97)
	at org.apache.spark.sql.execution.columnar.compression.CompressibleColumnBuilder$class.initialize(CompressibleColumnBuilder.scala:62)
	at org.apache.spark.sql.execution.columnar.NativeColumnBuilder.initialize(ColumnBuilder.scala:97)
	at org.apache.spark.sql.execution.columnar.ColumnBuilder$.apply(ColumnBuilder.scala:191)
	at org.apache.spark.sql.execution.columnar.CachedRDDBuilder$$anonfun$1$$anon$1$$anonfun$2.apply(InMemoryRelation.scala:87)
	at org.apache.spark.sql.execution.columnar.CachedRDDBuilder$$anonfun$1$$anon$1$$anonfun$2.apply(InMemoryRelation.scala:86)
	at scala.collection.TraversableLike$$anonfun$map$1.apply(TraversableLike.scala:234)
	at scala.collection.TraversableLike$$anonfun$map$1.apply(TraversableLike.scala:234)
	at scala.collection.immutable.List.foreach(List.scala:392)
	at scala.collection.TraversableLike$class.map(TraversableLike.scala:234)
	at scala.collection.immutable.List.map(List.scala:296)
	at org.apache.spark.sql.execution.columnar.CachedRDDBuilder$$anonfun$1$$anon$1.next(InMemoryRelation.scala:86)
	at org.apache.spark.sql.execution.columnar.CachedRDDBuilder$$anonfun$1$$anon$1.next(InMemoryRelation.scala:84)
	at org.apache.spark.storage.memory.MemoryStore.putIterator(MemoryStore.scala:222)
	at org.apache.spark.storage.memory.MemoryStore.putIteratorAsValues(MemoryStore.scala:299)
	at org.apache.spark.storage.BlockManager$$anonfun$doPutIterator$1.apply(BlockManager.scala:1165)
	at org.apache.spark.storage.BlockManager$$anonfun$doPutIterator$1.apply(BlockManager.scala:1156)
	at org.apache.spark.storage.BlockManager.doPut(BlockManager.scala:1091)
	at org.apache.spark.storage.BlockManager.doPutIterator(BlockManager.scala:1156)
	at org.apache.spark.storage.BlockManager.getOrElseUpdate(BlockManager.scala:882)
	at org.apache.spark.rdd.RDD.getOrCompute(RDD.scala:335)
	at org.apache.spark.rdd.RDD.iterator(RDD.scala:286)
	at org.apache.spark.rdd.MapPartitionsRDD.compute(MapPartitionsRDD.scala:52)
	at org.apache.spark.rdd.RDD.computeOrReadCheckpoint(RDD.scala:324)
	at org.apache.spark.rdd.RDD.iterator(RDD.scala:288)
	at org.apache.spark.rdd.MapPartitionsRDD.compute(MapPartitionsRDD.scala:52)
	at org.apache.spark.rdd.RDD.computeOrReadCheckpoint(RDD.scala:324)
25/11/07 19:49:10 WARN TaskSetManager: Lost task 5.0 in stage 3.0 (TID 13, localhost, executor driver): java.lang.OutOfMemoryError: Java heap space
	at java.nio.HeapByteBuffer.<init>(Unknown Source)
	at java.nio.ByteBuffer.allocate(Unknown Source)
	at org.apache.spark.sql.execution.columnar.BasicColumnBuilder.initialize(ColumnBuilder.scala:66)
	at org.apache.spark.sql.execution.columnar.NativeColumnBuilder.org$apache$spark$sql$execution$columnar$NullableColumnBuilder$$super$initialize(ColumnBuilder.scala:97)
	at org.apache.spark.sql.execution.columnar.NullableColumnBuilder$class.initialize(NullableColumnBuilder.scala:51)
	at org.apache.spark.sql.execution.columnar.NativeColumnBuilder.org$apache$spark$sql$execution$columnar$compression$CompressibleColumnBuilder$$super$initialize(ColumnBuilder.scala:97)
	at org.apache.spark.sql.execution.columnar.compression.CompressibleColumnBuilder$class.initialize(CompressibleColumnBuilder.scala:62)
	at org.apache.spark.sql.execution.columnar.NativeColumnBuilder.initialize(ColumnBuilder.scala:97)
	at org.apache.spark.sql.execution.columnar.ColumnBuilder$.apply(ColumnBuilder.scala:191)
	at org.apache.spark.sql.execution.columnar.CachedRDDBuilder$$anonfun$1$$anon$1$$anonfun$2.apply(InMemoryRelation.scala:87)
	at org.apache.spark.sql.execution.columnar.CachedRDDBuilder$$anonfun$1$$anon$1$$anonfun$2.apply(InMemoryRelation.scala:86)
	at scala.collection.TraversableLike$$anonfun$map$1.apply(TraversableLike.scala:234)
	at scala.collection.TraversableLike$$anonfun$map$1.apply(TraversableLike.scala:234)
	at scala.collection.immutable.List.foreach(List.scala:392)
	at scala.collection.TraversableLike$class.map(TraversableLike.scala:234)
	at scala.collection.immutable.List.map(List.scala:296)
	at org.apache.spark.sql.execution.columnar.CachedRDDBuilder$$anonfun$1$$anon$1.next(InMemoryRelation.scala:86)
	at org.apache.spark.sql.execution.columnar.CachedRDDBuilder$$anonfun$1$$anon$1.next(InMemoryRelation.scala:84)
	at org.apache.spark.storage.memory.MemoryStore.putIterator(MemoryStore.scala:222)
	at org.apache.spark.storage.memory.MemoryStore.putIteratorAsValues(MemoryStore.scala:299)
	at org.apache.spark.storage.BlockManager$$anonfun$doPutIterator$1.apply(BlockManager.scala:1165)
	at org.apache.spark.storage.BlockManager$$anonfun$doPutIterator$1.apply(BlockManager.scala:1156)
	at org.apache.spark.storage.BlockManager.doPut(BlockManager.scala:1091)
	at org.apache.spark.storage.BlockManager.doPutIterator(BlockManager.scala:1156)
	at org.apache.spark.storage.BlockManager.getOrElseUpdate(BlockManager.scala:882)
	at org.apache.spark.rdd.RDD.getOrCompute(RDD.scala:335)
	at org.apache.spark.rdd.RDD.iterator(RDD.scala:286)
	at org.apache.spark.rdd.MapPartitionsRDD.compute(MapPartitionsRDD.scala:52)
	at org.apache.spark.rdd.RDD.computeOrReadCheckpoint(RDD.scala:324)
	at org.apache.spark.rdd.RDD.iterator(RDD.scala:288)
	at org.apache.spark.rdd.MapPartitionsRDD.compute(MapPartitionsRDD.scala:52)
	at org.apache.spark.rdd.RDD.computeOrReadCheckpoint(RDD.scala:324)

25/11/07 19:49:10 ERROR TaskSetManager: Task 5 in stage 3.0 failed 1 times; aborting job
25/11/07 19:49:10 INFO SparkContext: Invoking stop() from shutdown hook
25/11/07 19:49:10 INFO TaskSchedulerImpl: Cancelling stage 3
25/11/07 19:49:10 INFO TaskSchedulerImpl: Killing all running tasks in stage 3: Stage cancelled
25/11/07 19:49:10 INFO Executor: Executor is trying to kill task 4.0 in stage 3.0 (TID 12), reason: Stage cancelled
25/11/07 19:49:10 INFO SparkUI: Stopped Spark web UI at http://127.0.0.1:4040
25/11/07 19:49:10 INFO TaskSchedulerImpl: Stage 3 was cancelled
25/11/07 19:49:10 INFO Executor: Executor is trying to kill task 1.0 in stage 3.0 (TID 9), reason: Stage cancelled
25/11/07 19:49:10 INFO DAGScheduler: ShuffleMapStage 3 (sql at <unknown>:0) failed in 161.733 s due to Job aborted due to stage failure: Task 5 in stage 3.0 failed 1 times, most recent failure: Lost task 5.0 in stage 3.0 (TID 13, localhost, executor driver): java.lang.OutOfMemoryError: Java heap space
	at java.nio.HeapByteBuffer.<init>(Unknown Source)
	at java.nio.ByteBuffer.allocate(Unknown Source)
	at org.apache.spark.sql.execution.columnar.BasicColumnBuilder.initialize(ColumnBuilder.scala:66)
	at org.apache.spark.sql.execution.columnar.NativeColumnBuilder.org$apache$spark$sql$execution$columnar$NullableColumnBuilder$$super$initialize(ColumnBuilder.scala:97)
	at org.apache.spark.sql.execution.columnar.NullableColumnBuilder$class.initialize(NullableColumnBuilder.scala:51)
	at org.apache.spark.sql.execution.columnar.NativeColumnBuilder.org$apache$spark$sql$execution$columnar$compression$CompressibleColumnBuilder$$super$initialize(ColumnBuilder.scala:97)
	at org.apache.spark.sql.execution.columnar.compression.CompressibleColumnBuilder$class.initialize(CompressibleColumnBuilder.scala:62)
	at org.apache.spark.sql.execution.columnar.NativeColumnBuilder.initialize(ColumnBuilder.scala:97)
	at org.apache.spark.sql.execution.columnar.ColumnBuilder$.apply(ColumnBuilder.scala:191)
	at org.apache.spark.sql.execution.columnar.CachedRDDBuilder$$anonfun$1$$anon$1$$anonfun$2.apply(InMemoryRelation.scala:87)
	at org.apache.spark.sql.execution.columnar.CachedRDDBuilder$$anonfun$1$$anon$1$$anonfun$2.apply(InMemoryRelation.scala:86)
	at scala.collection.TraversableLike$$anonfun$map$1.apply(TraversableLike.scala:234)
	at scala.collection.TraversableLike$$anonfun$map$1.apply(TraversableLike.scala:234)
	at scala.collection.immutable.List.foreach(List.scala:392)
	at scala.collection.TraversableLike$class.map(TraversableLike.scala:234)
	at scala.collection.immutable.List.map(List.scala:296)
	at org.apache.spark.sql.execution.columnar.CachedRDDBuilder$$anonfun$1$$anon$1.next(InMemoryRelation.scala:86)
	at org.apache.spark.sql.execution.columnar.CachedRDDBuilder$$anonfun$1$$anon$1.next(InMemoryRelation.scala:84)
	at org.apache.spark.storage.memory.MemoryStore.putIterator(MemoryStore.scala:222)
	at org.apache.spark.storage.memory.MemoryStore.putIteratorAsValues(MemoryStore.scala:299)
	at org.apache.spark.storage.BlockManager$$anonfun$doPutIterator$1.apply(BlockManager.scala:1165)
	at org.apache.spark.storage.BlockManager$$anonfun$doPutIterator$1.apply(BlockManager.scala:1156)
	at org.apache.spark.storage.BlockManager.doPut(BlockManager.scala:1091)
	at org.apache.spark.storage.BlockManager.doPutIterator(BlockManager.scala:1156)
	at org.apache.spark.storage.BlockManager.getOrElseUpdate(BlockManager.scala:882)
	at org.apache.spark.rdd.RDD.getOrCompute(RDD.scala:335)
	at org.apache.spark.rdd.RDD.iterator(RDD.scala:286)
	at org.apache.spark.rdd.MapPartitionsRDD.compute(MapPartitionsRDD.scala:52)
	at org.apache.spark.rdd.RDD.computeOrReadCheckpoint(RDD.scala:324)
	at org.apache.spark.rdd.RDD.iterator(RDD.scala:288)
	at org.apache.spark.rdd.MapPartitionsRDD.compute(MapPartitionsRDD.scala:52)
	at org.apache.spark.rdd.RDD.computeOrReadCheckpoint(RDD.scala:324)

Driver stacktrace:
25/11/07 19:49:10 INFO Executor: Executor is trying to kill task 2.0 in stage 3.0 (TID 10), reason: Stage cancelled
25/11/07 19:49:10 INFO DAGScheduler: Job 3 failed: sql at <unknown>:0, took 161.746441 s
25/11/07 19:49:10 INFO MapOutputTrackerMasterEndpoint: MapOutputTrackerMasterEndpoint stopped!
25/11/07 19:49:10 INFO Executor: Executor is trying to kill task 3.0 in stage 3.0 (TID 11), reason: Stage cancelled
25/11/07 19:49:10 INFO Executor: Executor is trying to kill task 0.0 in stage 3.0 (TID 8), reason: Stage cancelled
25/11/07 19:49:10 INFO MemoryStore: MemoryStore cleared
25/11/07 19:49:10 INFO BlockManager: BlockManager stopped
25/11/07 19:49:10 INFO BlockManagerMaster: BlockManagerMaster stopped
25/11/07 19:49:10 INFO OutputCommitCoordinator$OutputCommitCoordinatorEndpoint: OutputCommitCoordinator stopped!
25/11/07 19:49:10 WARN SparkEnv: Exception while deleting Spark temp dir: C:\Users\shish\AppData\Local\spark\spark-2.4.3-bin-hadoop2.7\tmp\local\spark-cc97ff4e-2308-4a68-a2fc-929af9e75aa7\userFiles-2af19a2e-8248-41cf-9e30-6100edc6a859
java.io.IOException: Failed to delete: C:\Users\shish\AppData\Local\spark\spark-2.4.3-bin-hadoop2.7\tmp\local\spark-cc97ff4e-2308-4a68-a2fc-929af9e75aa7\userFiles-2af19a2e-8248-41cf-9e30-6100edc6a859\sparklyr-2.4-2.11.jar
	at org.apache.spark.network.util.JavaUtils.deleteRecursivelyUsingJavaIO(JavaUtils.java:144)
	at org.apache.spark.network.util.JavaUtils.deleteRecursively(JavaUtils.java:118)
	at org.apache.spark.network.util.JavaUtils.deleteRecursivelyUsingJavaIO(JavaUtils.java:128)
	at org.apache.spark.network.util.JavaUtils.deleteRecursively(JavaUtils.java:118)
	at org.apache.spark.network.util.JavaUtils.deleteRecursively(JavaUtils.java:91)
	at org.apache.spark.util.Utils$.deleteRecursively(Utils.scala:1062)
	at org.apache.spark.SparkEnv.stop(SparkEnv.scala:103)
	at org.apache.spark.SparkContext$$anonfun$stop$11.apply$mcV$sp(SparkContext.scala:1974)
	at org.apache.spark.util.Utils$.tryLogNonFatalError(Utils.scala:1340)
	at org.apache.spark.SparkContext.stop(SparkContext.scala:1973)
	at org.apache.spark.SparkContext$$anonfun$2.apply$mcV$sp(SparkContext.scala:575)
	at org.apache.spark.util.SparkShutdownHook.run(ShutdownHookManager.scala:216)
	at org.apache.spark.util.SparkShutdownHookManager$$anonfun$runAll$1$$anonfun$apply$mcV$sp$1.apply$mcV$sp(ShutdownHookManager.scala:188)
	at org.apache.spark.util.SparkShutdownHookManager$$anonfun$runAll$1$$anonfun$apply$mcV$sp$1.apply(ShutdownHookManager.scala:188)
	at org.apache.spark.util.SparkShutdownHookManager$$anonfun$runAll$1$$anonfun$apply$mcV$sp$1.apply(ShutdownHookManager.scala:188)
	at org.apache.spark.util.Utils$.logUncaughtExceptions(Utils.scala:1945)
	at org.apache.spark.util.SparkShutdownHookManager$$anonfun$runAll$1.apply$mcV$sp(ShutdownHookManager.scala:188)
	at org.apache.spark.util.SparkShutdownHookManager$$anonfun$runAll$1.apply(ShutdownHookManager.scala:188)
	at org.apache.spark.util.SparkShutdownHookManager$$anonfun$runAll$1.apply(ShutdownHookManager.scala:188)
	at scala.util.Try$.apply(Try.scala:192)
	at org.apache.spark.util.SparkShutdownHookManager.runAll(ShutdownHookManager.scala:188)
	at org.apache.spark.util.SparkShutdownHookManager$$anon$2.run(ShutdownHookManager.scala:178)
	at org.apache.hadoop.util.ShutdownHookManager$1.run(ShutdownHookManager.java:54)
25/11/07 19:49:10 INFO SparkContext: Successfully stopped SparkContext
25/11/07 19:49:10 INFO ShutdownHookManager: Shutdown hook called
25/11/07 19:49:10 INFO ShutdownHookManager: Deleting directory C:\Users\shish\AppData\Local\spark\spark-2.4.3-bin-hadoop2.7\tmp\local\spark-cc97ff4e-2308-4a68-a2fc-929af9e75aa7\userFiles-2af19a2e-8248-41cf-9e30-6100edc6a859
25/11/07 19:49:10 ERROR ShutdownHookManager: Exception while deleting Spark temp dir: C:\Users\shish\AppData\Local\spark\spark-2.4.3-bin-hadoop2.7\tmp\local\spark-cc97ff4e-2308-4a68-a2fc-929af9e75aa7\userFiles-2af19a2e-8248-41cf-9e30-6100edc6a859
java.io.IOException: Failed to delete: C:\Users\shish\AppData\Local\spark\spark-2.4.3-bin-hadoop2.7\tmp\local\spark-cc97ff4e-2308-4a68-a2fc-929af9e75aa7\userFiles-2af19a2e-8248-41cf-9e30-6100edc6a859\sparklyr-2.4-2.11.jar
	at org.apache.spark.network.util.JavaUtils.deleteRecursivelyUsingJavaIO(JavaUtils.java:144)
	at org.apache.spark.network.util.JavaUtils.deleteRecursively(JavaUtils.java:118)
	at org.apache.spark.network.util.JavaUtils.deleteRecursivelyUsingJavaIO(JavaUtils.java:128)
	at org.apache.spark.network.util.JavaUtils.deleteRecursively(JavaUtils.java:118)
	at org.apache.spark.network.util.JavaUtils.deleteRecursively(JavaUtils.java:91)
	at org.apache.spark.util.Utils$.deleteRecursively(Utils.scala:1062)
	at org.apache.spark.util.ShutdownHookManager$$anonfun$1$$anonfun$apply$mcV$sp$3.apply(ShutdownHookManager.scala:65)
	at org.apache.spark.util.ShutdownHookManager$$anonfun$1$$anonfun$apply$mcV$sp$3.apply(ShutdownHookManager.scala:62)
	at scala.collection.IndexedSeqOptimized$class.foreach(IndexedSeqOptimized.scala:33)
	at scala.collection.mutable.ArrayOps$ofRef.foreach(ArrayOps.scala:186)
	at org.apache.spark.util.ShutdownHookManager$$anonfun$1.apply$mcV$sp(ShutdownHookManager.scala:62)
	at org.apache.spark.util.SparkShutdownHook.run(ShutdownHookManager.scala:216)
	at org.apache.spark.util.SparkShutdownHookManager$$anonfun$runAll$1$$anonfun$apply$mcV$sp$1.apply$mcV$sp(ShutdownHookManager.scala:188)
	at org.apache.spark.util.SparkShutdownHookManager$$anonfun$runAll$1$$anonfun$apply$mcV$sp$1.apply(ShutdownHookManager.scala:188)
	at org.apache.spark.util.SparkShutdownHookManager$$anonfun$runAll$1$$anonfun$apply$mcV$sp$1.apply(ShutdownHookManager.scala:188)
	at org.apache.spark.util.Utils$.logUncaughtExceptions(Utils.scala:1945)
	at org.apache.spark.util.SparkShutdownHookManager$$anonfun$runAll$1.apply$mcV$sp(ShutdownHookManager.scala:188)
	at org.apache.spark.util.SparkShutdownHookManager$$anonfun$runAll$1.apply(ShutdownHookManager.scala:188)
	at org.apache.spark.util.SparkShutdownHookManager$$anonfun$runAll$1.apply(ShutdownHookManager.scala:188)
	at scala.util.Try$.apply(Try.scala:192)
	at org.apache.spark.util.SparkShutdownHookManager.runAll(ShutdownHookManager.scala:188)
	at org.apache.spark.util.SparkShutdownHookManager$$anon$2.run(ShutdownHookManager.scala:178)
	at org.apache.hadoop.util.ShutdownHookManager$1.run(ShutdownHookManager.java:54)
25/11/07 19:49:10 INFO ShutdownHookManager: Deleting directory C:\Users\shish\AppData\Local\spark\spark-2.4.3-bin-hadoop2.7\tmp\local\spark-cc97ff4e-2308-4a68-a2fc-929af9e75aa7
25/11/07 19:49:10 ERROR ShutdownHookManager: Exception while deleting Spark temp dir: C:\Users\shish\AppData\Local\spark\spark-2.4.3-bin-hadoop2.7\tmp\local\spark-cc97ff4e-2308-4a68-a2fc-929af9e75aa7
java.io.IOException: Failed to delete: C:\Users\shish\AppData\Local\spark\spark-2.4.3-bin-hadoop2.7\tmp\local\spark-cc97ff4e-2308-4a68-a2fc-929af9e75aa7\userFiles-2af19a2e-8248-41cf-9e30-6100edc6a859\sparklyr-2.4-2.11.jar
	at org.apache.spark.network.util.JavaUtils.deleteRecursivelyUsingJavaIO(JavaUtils.java:144)
	at org.apache.spark.network.util.JavaUtils.deleteRecursively(JavaUtils.java:118)
	at org.apache.spark.network.util.JavaUtils.deleteRecursivelyUsingJavaIO(JavaUtils.java:128)
	at org.apache.spark.network.util.JavaUtils.deleteRecursively(JavaUtils.java:118)
	at org.apache.spark.network.util.JavaUtils.deleteRecursivelyUsingJavaIO(JavaUtils.java:128)
	at org.apache.spark.network.util.JavaUtils.deleteRecursively(JavaUtils.java:118)
	at org.apache.spark.network.util.JavaUtils.deleteRecursively(JavaUtils.java:91)
	at org.apache.spark.util.Utils$.deleteRecursively(Utils.scala:1062)
	at org.apache.spark.util.ShutdownHookManager$$anonfun$1$$anonfun$apply$mcV$sp$3.apply(ShutdownHookManager.scala:65)
	at org.apache.spark.util.ShutdownHookManager$$anonfun$1$$anonfun$apply$mcV$sp$3.apply(ShutdownHookManager.scala:62)
	at scala.collection.IndexedSeqOptimized$class.foreach(IndexedSeqOptimized.scala:33)
	at scala.collection.mutable.ArrayOps$ofRef.foreach(ArrayOps.scala:186)
	at org.apache.spark.util.ShutdownHookManager$$anonfun$1.apply$mcV$sp(ShutdownHookManager.scala:62)
	at org.apache.spark.util.SparkShutdownHook.run(ShutdownHookManager.scala:216)
	at org.apache.spark.util.SparkShutdownHookManager$$anonfun$runAll$1$$anonfun$apply$mcV$sp$1.apply$mcV$sp(ShutdownHookManager.scala:188)
	at org.apache.spark.util.SparkShutdownHookManager$$anonfun$runAll$1$$anonfun$apply$mcV$sp$1.apply(ShutdownHookManager.scala:188)
	at org.apache.spark.util.SparkShutdownHookManager$$anonfun$runAll$1$$anonfun$apply$mcV$sp$1.apply(ShutdownHookManager.scala:188)
	at org.apache.spark.util.Utils$.logUncaughtExceptions(Utils.scala:1945)
	at org.apache.spark.util.SparkShutdownHookManager$$anonfun$runAll$1.apply$mcV$sp(ShutdownHookManager.scala:188)
	at org.apache.spark.util.SparkShutdownHookManager$$anonfun$runAll$1.apply(ShutdownHookManager.scala:188)
	at org.apache.spark.util.SparkShutdownHookManager$$anonfun$runAll$1.apply(ShutdownHookManager.scala:188)
	at scala.util.Try$.apply(Try.scala:192)
	at org.apache.spark.util.SparkShutdownHookManager.runAll(ShutdownHookManager.scala:188)
	at org.apache.spark.util.SparkShutdownHookManager$$anon$2.run(ShutdownHookManager.scala:178)
	at org.apache.hadoop.util.ShutdownHookManager$1.run(ShutdownHookManager.java:54)
25/11/07 19:49:10 INFO ShutdownHookManager: Deleting directory C:\Users\shish\AppData\Local\Temp\spark-bf45a94a-c1cf-459c-ae2c-8ef25538cc8e
